// Jest Snapshot v1, https://goo.gl/fbAQLP

exports[`App should match the snapshot with all the data passed in 1`] = `
<div
  className="App"
>
  <Banner />
  <Header
    combined={Array []}
    comics={Array []}
    movies={Array []}
    rendered={Array []}
    storeRendered={[Function]}
  />
  <CardContainer
    rendered={Array []}
  />
</div>
`;
