// Jest Snapshot v1, https://goo.gl/fbAQLP

exports[`Header should pass the snapshot with all the data passed in 1`] = `
<header
  className="Header"
>
  <Search
    searchThisDataset={null}
  />
  <Filter
    searchThisDataset={null}
    setSearchDataset={[Function]}
    value=""
  />
</header>
`;
